// Jest Snapshot v1, https://goo.gl/fbAQLP

exports[`Should render header correctly 1`] = `
<div>
  <h1>
    Expensify
  </h1>
  <NavLink
    activeClassName="navlink-active"
    ariaCurrent="true"
    exact={true}
    to="/dashboard"
  >
    Home Page
  </NavLink>
  <NavLink
    activeClassName="navlink-active"
    ariaCurrent="true"
    to="/create"
  >
    Create Expense
  </NavLink>
  <button
    onClick={[Function]}
    type="button"
  >
    Log Out
  </button>
</div>
`;
