// Jest Snapshot v1, https://goo.gl/fbAQLP

exports[`Should render expense list item with data 1`] = `
<Link
  className="list-item"
  replace={false}
  to="/edit/1"
>
  <div>
    <h3
      className="list-item__title"
    >
      Gum
    </h3>
    <span
      className="list-item_sub-title"
    >
      January 31st, 1970
    </span>
  </div>
  <h3
    className="list-item_data"
  >
    $2.00
  </h3>
</Link>
`;
