// Jest Snapshot v1, https://goo.gl/fbAQLP

exports[`Should render AddExpensePage correctly 1`] = `
<div>
  <h1>
    Add Expense
  </h1>
  <p>
    some text number 2
  </p>
  <ExpenseForm
    onSubmit={[Function]}
  />
</div>
`;
