// Jest Snapshot v1, https://goo.gl/fbAQLP

exports[`Should render expense dashboard page 1`] = `
<div>
  <h3>
    Dashboard
  </h3>
  <Connect(ExpenseSummary) />
  <Connect(ExpenseListFilters) />
  <Connect(ExpenseList) />
</div>
`;
