// Jest Snapshot v1, https://goo.gl/fbAQLP

exports[`Should render 404 not found page 1`] = `
<div
  className="loader"
>
  <img
    alt="Loading ..."
    className="loader__image"
    src="/images/loader.gif"
  />
</div>
`;
