// Jest Snapshot v1, https://goo.gl/fbAQLP

exports[`Should render 404 not found page 1`] = `
<div>
  404 -
  <Link
    replace={false}
    to="/"
  >
    Home page
  </Link>
</div>
`;
